[2026-06-26T02:10:40+01:00] host=gpu006.avon.hpc cpus=10 gpu=GPU 0: Quadro RTX 6000 (UUID: GPU-0cc7189b-40c8-b82b-b38b-e38bacd0a3f1) config=configs/square_32.yaml
Using device: cuda:0 (Quadro RTX 6000)
Input channel stats (train): mean=[-0.03654951602220535, -0.0019145101541653275], std=[17.59725570678711, 17.754728317260742]
Training on 7000 samples
Testing on [500] samples         on resolutions ['val'].
Raw outputs of shape torch.Size([32, 1, 32, 32])
[0] time=5.47, avg_loss=0.8104, train_err=25.9047
Eval: val_l2=0.8318
[Rank 0]: saved training state to runs/square_32/_best
[1] time=4.94, avg_loss=0.6797, train_err=21.7249
Eval: val_l2=0.6638
[Rank 0]: saved training state to runs/square_32/_best
[2] time=4.94, avg_loss=0.5570, train_err=17.8052
Eval: val_l2=0.5207
[Rank 0]: saved training state to runs/square_32/_best
[3] time=4.94, avg_loss=0.4620, train_err=14.7681
Eval: val_l2=0.4359
[Rank 0]: saved training state to runs/square_32/_best
[4] time=4.94, avg_loss=0.3990, train_err=12.7532
Eval: val_l2=0.3785
[Rank 0]: saved training state to runs/square_32/_best
[5] time=4.94, avg_loss=0.3525, train_err=11.2669
Eval: val_l2=0.3373
[Rank 0]: saved training state to runs/square_32/_best
[6] time=4.94, avg_loss=0.3147, train_err=10.0573
Eval: val_l2=0.3205
[Rank 0]: saved training state to runs/square_32/_best
[7] time=4.94, avg_loss=0.2882, train_err=9.2104
Eval: val_l2=0.3062
[Rank 0]: saved training state to runs/square_32/_best
[8] time=4.94, avg_loss=0.2600, train_err=8.3111
Eval: val_l2=0.3085
[9] time=4.92, avg_loss=0.2419, train_err=7.7331
Eval: val_l2=0.3170
[10] time=4.92, avg_loss=0.2263, train_err=7.2336
Eval: val_l2=0.2542
[Rank 0]: saved training state to runs/square_32/_best
[11] time=4.92, avg_loss=0.2113, train_err=6.7541
Eval: val_l2=0.2388
[Rank 0]: saved training state to runs/square_32/_best
[12] time=4.92, avg_loss=0.2038, train_err=6.5139
Eval: val_l2=0.2412
[13] time=4.92, avg_loss=0.1868, train_err=5.9713
Eval: val_l2=0.2313
[Rank 0]: saved training state to runs/square_32/_best
[14] time=4.92, avg_loss=0.1759, train_err=5.6210
Eval: val_l2=0.2311
[Rank 0]: saved training state to runs/square_32/_best
[15] time=4.92, avg_loss=0.1655, train_err=5.2906
Eval: val_l2=0.2247
[Rank 0]: saved training state to runs/square_32/_best
[16] time=4.92, avg_loss=0.1622, train_err=5.1856
Eval: val_l2=0.2369
[17] time=4.92, avg_loss=0.1533, train_err=4.9015
Eval: val_l2=0.2703
[18] time=4.92, avg_loss=0.1519, train_err=4.8563
Eval: val_l2=0.2513
[19] time=4.92, avg_loss=0.1420, train_err=4.5377
Eval: val_l2=0.2155
[Rank 0]: saved training state to runs/square_32/_best
[20] time=4.92, avg_loss=0.1421, train_err=4.5425
Eval: val_l2=0.2227
[21] time=4.92, avg_loss=0.1342, train_err=4.2903
Eval: val_l2=0.2247
[22] time=4.93, avg_loss=0.1338, train_err=4.2769
Eval: val_l2=0.2316
[23] time=4.92, avg_loss=0.1288, train_err=4.1153
Eval: val_l2=0.3137
[24] time=4.92, avg_loss=0.1243, train_err=3.9731
Eval: val_l2=0.2161
[25] time=4.92, avg_loss=0.1243, train_err=3.9733
Eval: val_l2=0.2183
[26] time=4.92, avg_loss=0.1196, train_err=3.8241
Eval: val_l2=0.2349
[27] time=4.92, avg_loss=0.1134, train_err=3.6233
Eval: val_l2=0.2165
[28] time=4.92, avg_loss=0.1135, train_err=3.6279
Eval: val_l2=0.2014
[Rank 0]: saved training state to runs/square_32/_best
[29] time=4.92, avg_loss=0.1171, train_err=3.7443
Eval: val_l2=0.2120
[30] time=4.92, avg_loss=0.1141, train_err=3.6459
Eval: val_l2=0.2306
[31] time=4.92, avg_loss=0.1116, train_err=3.5661
Eval: val_l2=0.2229
[32] time=4.92, avg_loss=0.1092, train_err=3.4901
Eval: val_l2=0.2011
[Rank 0]: saved training state to runs/square_32/_best
[33] time=4.92, avg_loss=0.1081, train_err=3.4567
Eval: val_l2=0.2218
[34] time=4.96, avg_loss=0.1079, train_err=3.4491
Eval: val_l2=0.1987
[Rank 0]: saved training state to runs/square_32/_best
[35] time=4.93, avg_loss=0.1063, train_err=3.3969
Eval: val_l2=0.2028
[36] time=4.93, avg_loss=0.1012, train_err=3.2355
Eval: val_l2=0.2022
[37] time=4.93, avg_loss=0.1027, train_err=3.2812
Eval: val_l2=0.1922
[Rank 0]: saved training state to runs/square_32/_best
[38] time=4.93, avg_loss=0.1045, train_err=3.3394
Eval: val_l2=0.2034
[39] time=4.93, avg_loss=0.0985, train_err=3.1495
Eval: val_l2=0.2080
[40] time=4.93, avg_loss=0.0988, train_err=3.1576
Eval: val_l2=0.2113
[41] time=4.93, avg_loss=0.0968, train_err=3.0934
Eval: val_l2=0.2244
[42] time=4.93, avg_loss=0.0956, train_err=3.0553
Eval: val_l2=0.2147
[43] time=4.93, avg_loss=0.0931, train_err=2.9756
Eval: val_l2=0.1904
[Rank 0]: saved training state to runs/square_32/_best
[44] time=4.93, avg_loss=0.0986, train_err=3.1527
Eval: val_l2=0.2230
[45] time=4.93, avg_loss=0.1006, train_err=3.2143
Eval: val_l2=0.2085
[46] time=4.93, avg_loss=0.0958, train_err=3.0619
Eval: val_l2=0.2001
[47] time=4.93, avg_loss=0.0950, train_err=3.0359
Eval: val_l2=0.1925
[48] time=4.93, avg_loss=0.0969, train_err=3.0973
Eval: val_l2=0.2408
[49] time=4.93, avg_loss=0.0933, train_err=2.9815
Eval: val_l2=0.2035
[50] time=4.93, avg_loss=0.0893, train_err=2.8545
Eval: val_l2=0.1975
[51] time=4.93, avg_loss=0.0861, train_err=2.7505
Eval: val_l2=0.1982
[52] time=4.93, avg_loss=0.0843, train_err=2.6946
Eval: val_l2=0.1993
[53] time=4.92, avg_loss=0.0847, train_err=2.7059
Eval: val_l2=0.1958
[54] time=4.92, avg_loss=0.0890, train_err=2.8437
Eval: val_l2=0.2225
[55] time=4.92, avg_loss=0.0933, train_err=2.9809
Eval: val_l2=0.1916
[56] time=4.92, avg_loss=0.0890, train_err=2.8432
Eval: val_l2=0.2211
[57] time=4.92, avg_loss=0.0867, train_err=2.7710
Eval: val_l2=0.1944
[58] time=4.92, avg_loss=0.0853, train_err=2.7278
Eval: val_l2=0.2058
[59] time=4.92, avg_loss=0.0866, train_err=2.7669
Eval: val_l2=0.1924
[60] time=4.92, avg_loss=0.0834, train_err=2.6644
Eval: val_l2=0.1890
[Rank 0]: saved training state to runs/square_32/_best
[61] time=4.92, avg_loss=0.0839, train_err=2.6811
Eval: val_l2=0.1903
[62] time=4.92, avg_loss=0.0838, train_err=2.6778
Eval: val_l2=0.2003
[63] time=4.92, avg_loss=0.0818, train_err=2.6144
Eval: val_l2=0.1982
[64] time=4.92, avg_loss=0.0835, train_err=2.6688
Eval: val_l2=0.1973
[65] time=4.94, avg_loss=0.0812, train_err=2.5968
Eval: val_l2=0.1847
[Rank 0]: saved training state to runs/square_32/_best
[66] time=4.98, avg_loss=0.0827, train_err=2.6436
Eval: val_l2=0.1906
[67] time=4.98, avg_loss=0.0777, train_err=2.4840
Eval: val_l2=0.1905
[68] time=4.97, avg_loss=0.0776, train_err=2.4804
Eval: val_l2=0.1943
[69] time=4.98, avg_loss=0.0796, train_err=2.5458
Eval: val_l2=0.1898
[70] time=4.98, avg_loss=0.0805, train_err=2.5734
Eval: val_l2=0.2189
[71] time=4.96, avg_loss=0.0859, train_err=2.7452
Eval: val_l2=0.1940
[72] time=4.94, avg_loss=0.0786, train_err=2.5109
Eval: val_l2=0.1929
[73] time=4.94, avg_loss=0.0751, train_err=2.4015
Eval: val_l2=0.1951
[74] time=4.94, avg_loss=0.0759, train_err=2.4249
Eval: val_l2=0.2013
[75] time=4.94, avg_loss=0.0797, train_err=2.5487
Eval: val_l2=0.1959
[76] time=4.94, avg_loss=0.0744, train_err=2.3787
Eval: val_l2=0.1905
[77] time=4.94, avg_loss=0.0756, train_err=2.4167
Eval: val_l2=0.1850
[78] time=4.93, avg_loss=0.0761, train_err=2.4339
Eval: val_l2=0.2013
[79] time=4.93, avg_loss=0.0774, train_err=2.4744
Eval: val_l2=0.1845
[Rank 0]: saved training state to runs/square_32/_best
[80] time=4.96, avg_loss=0.0757, train_err=2.4183
Eval: val_l2=0.2219
[81] time=4.97, avg_loss=0.0761, train_err=2.4324
Eval: val_l2=0.2121
[82] time=4.97, avg_loss=0.0759, train_err=2.4271
Eval: val_l2=0.1952
[83] time=4.98, avg_loss=0.0771, train_err=2.4629
Eval: val_l2=0.1868
[84] time=4.98, avg_loss=0.0729, train_err=2.3293
Eval: val_l2=0.1895
[85] time=4.98, avg_loss=0.0717, train_err=2.2921
Eval: val_l2=0.1987
[86] time=4.97, avg_loss=0.0735, train_err=2.3508
Eval: val_l2=0.2044
[87] time=4.98, avg_loss=0.0753, train_err=2.4075
Eval: val_l2=0.2000
[88] time=4.98, avg_loss=0.0711, train_err=2.2734
Eval: val_l2=0.1873
[89] time=4.97, avg_loss=0.0717, train_err=2.2929
Eval: val_l2=0.1943
[90] time=4.97, avg_loss=0.0707, train_err=2.2600
Eval: val_l2=0.1837
[Rank 0]: saved training state to runs/square_32/_best
[91] time=4.96, avg_loss=0.0779, train_err=2.4889
Eval: val_l2=0.1853
[92] time=4.92, avg_loss=0.0716, train_err=2.2879
Eval: val_l2=0.1810
[Rank 0]: saved training state to runs/square_32/_best
[93] time=4.91, avg_loss=0.0677, train_err=2.1635
Eval: val_l2=0.1916
[94] time=4.90, avg_loss=0.0670, train_err=2.1424
Eval: val_l2=0.2038
[95] time=4.91, avg_loss=0.0685, train_err=2.1883
Eval: val_l2=0.2165
[96] time=4.91, avg_loss=0.0693, train_err=2.2161
Eval: val_l2=0.1881
[97] time=4.91, avg_loss=0.0697, train_err=2.2284
Eval: val_l2=0.1797
[Rank 0]: saved training state to runs/square_32/_best
[98] time=4.91, avg_loss=0.0672, train_err=2.1470
Eval: val_l2=0.1912
[99] time=4.91, avg_loss=0.0700, train_err=2.2360
Eval: val_l2=0.1836
[100] time=4.91, avg_loss=0.0680, train_err=2.1723
Eval: val_l2=0.1775
[Rank 0]: saved training state to runs/square_32/_best
[101] time=4.93, avg_loss=0.0663, train_err=2.1181
Eval: val_l2=0.1908
[102] time=4.93, avg_loss=0.0659, train_err=2.1074
Eval: val_l2=0.2076
[103] time=4.93, avg_loss=0.0655, train_err=2.0929
Eval: val_l2=0.1953
[104] time=4.93, avg_loss=0.0694, train_err=2.2174
Eval: val_l2=0.1850
[105] time=4.93, avg_loss=0.0691, train_err=2.2084
Eval: val_l2=0.1893
[106] time=4.93, avg_loss=0.0693, train_err=2.2140
Eval: val_l2=0.2005
[107] time=4.93, avg_loss=0.0656, train_err=2.0958
Eval: val_l2=0.1973
[108] time=4.93, avg_loss=0.0645, train_err=2.0624
Eval: val_l2=0.2003
[109] time=4.93, avg_loss=0.0619, train_err=1.9774
Eval: val_l2=0.1733
[Rank 0]: saved training state to runs/square_32/_best
[110] time=4.93, avg_loss=0.0642, train_err=2.0520
Eval: val_l2=0.1866
[111] time=4.92, avg_loss=0.0629, train_err=2.0096
Eval: val_l2=0.2058
[112] time=4.92, avg_loss=0.0667, train_err=2.1308
Eval: val_l2=0.1798
[113] time=4.92, avg_loss=0.0644, train_err=2.0593
Eval: val_l2=0.1975
[114] time=4.92, avg_loss=0.0639, train_err=2.0419
Eval: val_l2=0.1843
[115] time=4.92, avg_loss=0.0639, train_err=2.0415
Eval: val_l2=0.1763
[116] time=4.92, avg_loss=0.0631, train_err=2.0167
Eval: val_l2=0.1931
[117] time=4.92, avg_loss=0.0625, train_err=1.9972
Eval: val_l2=0.1798
[118] time=4.92, avg_loss=0.0611, train_err=1.9527
Eval: val_l2=0.1862
[119] time=4.93, avg_loss=0.0603, train_err=1.9270
Eval: val_l2=0.1919
[120] time=4.92, avg_loss=0.0608, train_err=1.9432
Eval: val_l2=0.1894
[121] time=4.93, avg_loss=0.0600, train_err=1.9190
Eval: val_l2=0.1791
[122] time=4.93, avg_loss=0.0622, train_err=1.9879
Eval: val_l2=0.1886
[123] time=4.93, avg_loss=0.0648, train_err=2.0705
Eval: val_l2=0.1801
[124] time=4.93, avg_loss=0.0615, train_err=1.9670
Eval: val_l2=0.1801
[125] time=4.92, avg_loss=0.0606, train_err=1.9384
Eval: val_l2=0.1757
[126] time=4.93, avg_loss=0.0615, train_err=1.9650
Eval: val_l2=0.1885
[127] time=4.92, avg_loss=0.0581, train_err=1.8573
Eval: val_l2=0.1830
[128] time=4.93, avg_loss=0.0603, train_err=1.9289
Eval: val_l2=0.1875
[129] time=4.93, avg_loss=0.0606, train_err=1.9381
Eval: val_l2=0.1742
[130] time=4.92, avg_loss=0.0584, train_err=1.8672
Eval: val_l2=0.1798
[131] time=4.92, avg_loss=0.0635, train_err=2.0312
Eval: val_l2=0.1777
[132] time=4.92, avg_loss=0.0566, train_err=1.8105
Eval: val_l2=0.1798
[133] time=4.92, avg_loss=0.0603, train_err=1.9261
Eval: val_l2=0.1850
[134] time=4.92, avg_loss=0.0565, train_err=1.8066
Eval: val_l2=0.1772
[135] time=4.92, avg_loss=0.0570, train_err=1.8230
Eval: val_l2=0.1744
[136] time=4.92, avg_loss=0.0550, train_err=1.7572
Eval: val_l2=0.1836
[137] time=4.92, avg_loss=0.0538, train_err=1.7186
Eval: val_l2=0.1808
[138] time=4.92, avg_loss=0.0565, train_err=1.8062
Eval: val_l2=0.1766
[139] time=4.92, avg_loss=0.0576, train_err=1.8418
Eval: val_l2=0.1896
[140] time=4.92, avg_loss=0.0555, train_err=1.7724
Eval: val_l2=0.1782
[141] time=4.92, avg_loss=0.0563, train_err=1.7983
Eval: val_l2=0.1888
[142] time=4.92, avg_loss=0.0567, train_err=1.8111
Eval: val_l2=0.1789
[143] time=4.92, avg_loss=0.0571, train_err=1.8240
Eval: val_l2=0.1836
[144] time=4.92, avg_loss=0.0553, train_err=1.7672
Eval: val_l2=0.2031
[145] time=4.92, avg_loss=0.0579, train_err=1.8510
Eval: val_l2=0.1765
[146] time=4.93, avg_loss=0.0548, train_err=1.7532
Eval: val_l2=0.1721
[Rank 0]: saved training state to runs/square_32/_best
[147] time=4.93, avg_loss=0.0543, train_err=1.7366
Eval: val_l2=0.1744
[148] time=4.93, avg_loss=0.0546, train_err=1.7466
Eval: val_l2=0.1764
[149] time=4.92, avg_loss=0.0549, train_err=1.7536
Eval: val_l2=0.1842
[150] time=4.92, avg_loss=0.0525, train_err=1.6772
Eval: val_l2=0.1928
[151] time=4.92, avg_loss=0.0557, train_err=1.7816
Eval: val_l2=0.1778
[152] time=4.92, avg_loss=0.0533, train_err=1.7029
Eval: val_l2=0.1809
[153] time=4.92, avg_loss=0.0526, train_err=1.6805
Eval: val_l2=0.1771
[154] time=4.92, avg_loss=0.0531, train_err=1.6973
Eval: val_l2=0.1800
[155] time=4.93, avg_loss=0.0520, train_err=1.6605
Eval: val_l2=0.1752
[156] time=4.93, avg_loss=0.0519, train_err=1.6595
Eval: val_l2=0.1841
[157] time=4.93, avg_loss=0.0513, train_err=1.6395
Eval: val_l2=0.1741
[158] time=4.92, avg_loss=0.0512, train_err=1.6379
Eval: val_l2=0.1810
[159] time=4.92, avg_loss=0.0533, train_err=1.7042
Eval: val_l2=0.1746
[160] time=4.92, avg_loss=0.0536, train_err=1.7145
Eval: val_l2=0.1745
[161] time=4.92, avg_loss=0.0510, train_err=1.6303
Eval: val_l2=0.1785
[162] time=4.92, avg_loss=0.0529, train_err=1.6917
Eval: val_l2=0.1795
[163] time=4.92, avg_loss=0.0514, train_err=1.6432
Eval: val_l2=0.1771
[164] time=4.93, avg_loss=0.0511, train_err=1.6340
Eval: val_l2=0.1778
[165] time=4.93, avg_loss=0.0511, train_err=1.6327
Eval: val_l2=0.1780
[166] time=4.93, avg_loss=0.0477, train_err=1.5247
Eval: val_l2=0.1809
[167] time=4.92, avg_loss=0.0500, train_err=1.5975
Eval: val_l2=0.1781
[168] time=4.92, avg_loss=0.0496, train_err=1.5862
Eval: val_l2=0.1821
[169] time=4.92, avg_loss=0.0476, train_err=1.5226
Eval: val_l2=0.1747
[170] time=4.92, avg_loss=0.0488, train_err=1.5597
Eval: val_l2=0.1744
[171] time=4.92, avg_loss=0.0480, train_err=1.5352
Eval: val_l2=0.1754
[172] time=4.93, avg_loss=0.0472, train_err=1.5094
Eval: val_l2=0.1697
[Rank 0]: saved training state to runs/square_32/_best
[173] time=4.95, avg_loss=0.0484, train_err=1.5459
Eval: val_l2=0.1713
[174] time=4.95, avg_loss=0.0494, train_err=1.5805
Eval: val_l2=0.1701
[175] time=4.95, avg_loss=0.0477, train_err=1.5245
Eval: val_l2=0.1798
[176] time=4.95, avg_loss=0.0469, train_err=1.4979
Eval: val_l2=0.1818
[177] time=4.95, avg_loss=0.0453, train_err=1.4487
Eval: val_l2=0.1726
[178] time=4.95, avg_loss=0.0469, train_err=1.4985
Eval: val_l2=0.1759
[179] time=4.95, avg_loss=0.0492, train_err=1.5725
Eval: val_l2=0.1760
[180] time=4.95, avg_loss=0.0466, train_err=1.4900
Eval: val_l2=0.1894
[181] time=4.95, avg_loss=0.0472, train_err=1.5090
Eval: val_l2=0.1735
[182] time=4.95, avg_loss=0.0449, train_err=1.4338
Eval: val_l2=0.1683
[Rank 0]: saved training state to runs/square_32/_best
[183] time=4.95, avg_loss=0.0447, train_err=1.4293
Eval: val_l2=0.1677
[Rank 0]: saved training state to runs/square_32/_best
[184] time=4.95, avg_loss=0.0472, train_err=1.5087
Eval: val_l2=0.1846
[185] time=4.95, avg_loss=0.0465, train_err=1.4847
Eval: val_l2=0.1750
[186] time=4.95, avg_loss=0.0461, train_err=1.4738
Eval: val_l2=0.1753
[187] time=4.95, avg_loss=0.0449, train_err=1.4352
Eval: val_l2=0.1756
[188] time=4.95, avg_loss=0.0454, train_err=1.4521
Eval: val_l2=0.1801
[189] time=4.95, avg_loss=0.0444, train_err=1.4183
Eval: val_l2=0.1758
[190] time=4.95, avg_loss=0.0450, train_err=1.4369
Eval: val_l2=0.1680
[191] time=4.95, avg_loss=0.0429, train_err=1.3722
Eval: val_l2=0.1779
[192] time=4.95, avg_loss=0.0447, train_err=1.4275
Eval: val_l2=0.1689
[193] time=4.95, avg_loss=0.0452, train_err=1.4436
Eval: val_l2=0.1817
[194] time=4.95, avg_loss=0.0451, train_err=1.4427
Eval: val_l2=0.1805
[195] time=4.95, avg_loss=0.0424, train_err=1.3568
Eval: val_l2=0.1660
[Rank 0]: saved training state to runs/square_32/_best
[196] time=4.95, avg_loss=0.0412, train_err=1.3165
Eval: val_l2=0.1736
[197] time=4.95, avg_loss=0.0417, train_err=1.3333
Eval: val_l2=0.1661
[198] time=4.95, avg_loss=0.0409, train_err=1.3083
Eval: val_l2=0.1682
[199] time=4.95, avg_loss=0.0413, train_err=1.3185
Eval: val_l2=0.1721
[200] time=4.95, avg_loss=0.0412, train_err=1.3182
Eval: val_l2=0.1726
[201] time=4.95, avg_loss=0.0405, train_err=1.2950
Eval: val_l2=0.1799
[202] time=4.96, avg_loss=0.0397, train_err=1.2693
Eval: val_l2=0.1779
[203] time=4.96, avg_loss=0.0409, train_err=1.3065
Eval: val_l2=0.1765
[204] time=4.95, avg_loss=0.0408, train_err=1.3032
Eval: val_l2=0.1741
[205] time=4.92, avg_loss=0.0417, train_err=1.3317
Eval: val_l2=0.1686
[206] time=4.92, avg_loss=0.0425, train_err=1.3582
Eval: val_l2=0.1773
[207] time=4.92, avg_loss=0.0401, train_err=1.2833
Eval: val_l2=0.1683
[208] time=4.92, avg_loss=0.0396, train_err=1.2648
Eval: val_l2=0.1736
[209] time=4.92, avg_loss=0.0403, train_err=1.2894
Eval: val_l2=0.1686
[210] time=4.92, avg_loss=0.0392, train_err=1.2520
Eval: val_l2=0.1741
[211] time=4.92, avg_loss=0.0415, train_err=1.3264
Eval: val_l2=0.1677
[212] time=4.92, avg_loss=0.0399, train_err=1.2756
Eval: val_l2=0.1683
[213] time=4.92, avg_loss=0.0392, train_err=1.2524
Eval: val_l2=0.1796
[214] time=4.92, avg_loss=0.0381, train_err=1.2180
Eval: val_l2=0.1669
[215] time=4.92, avg_loss=0.0379, train_err=1.2121
Eval: val_l2=0.1731
[216] time=4.92, avg_loss=0.0380, train_err=1.2141
Eval: val_l2=0.1682
[217] time=4.92, avg_loss=0.0371, train_err=1.1852
Eval: val_l2=0.1747
[218] time=4.92, avg_loss=0.0374, train_err=1.1959
Eval: val_l2=0.1691
[219] time=4.92, avg_loss=0.0387, train_err=1.2374
Eval: val_l2=0.1743
[220] time=4.92, avg_loss=0.0383, train_err=1.2228
Eval: val_l2=0.1656
[Rank 0]: saved training state to runs/square_32/_best
[221] time=4.92, avg_loss=0.0378, train_err=1.2070
Eval: val_l2=0.1748
[222] time=4.92, avg_loss=0.0362, train_err=1.1563
Eval: val_l2=0.1682
[223] time=4.92, avg_loss=0.0351, train_err=1.1234
Eval: val_l2=0.1751
[224] time=4.92, avg_loss=0.0363, train_err=1.1587
Eval: val_l2=0.1717
[225] time=4.92, avg_loss=0.0366, train_err=1.1701
Eval: val_l2=0.1673
[226] time=4.92, avg_loss=0.0361, train_err=1.1533
Eval: val_l2=0.1719
[227] time=4.92, avg_loss=0.0350, train_err=1.1201
Eval: val_l2=0.1718
[228] time=4.92, avg_loss=0.0350, train_err=1.1195
Eval: val_l2=0.1703
[229] time=4.94, avg_loss=0.0350, train_err=1.1191
Eval: val_l2=0.1676
[230] time=4.97, avg_loss=0.0359, train_err=1.1470
Eval: val_l2=0.1708
[231] time=4.96, avg_loss=0.0356, train_err=1.1391
Eval: val_l2=0.1677
[232] time=4.96, avg_loss=0.0354, train_err=1.1323
Eval: val_l2=0.1692
[233] time=4.96, avg_loss=0.0334, train_err=1.0669
Eval: val_l2=0.1752
[234] time=4.96, avg_loss=0.0341, train_err=1.0900
Eval: val_l2=0.1713
[235] time=4.97, avg_loss=0.0340, train_err=1.0883
Eval: val_l2=0.1723
[236] time=4.92, avg_loss=0.0345, train_err=1.1017
Eval: val_l2=0.1650
[Rank 0]: saved training state to runs/square_32/_best
[237] time=4.92, avg_loss=0.0334, train_err=1.0667
Eval: val_l2=0.1718
[238] time=4.92, avg_loss=0.0323, train_err=1.0316
Eval: val_l2=0.1653
[239] time=4.92, avg_loss=0.0331, train_err=1.0593
Eval: val_l2=0.1711
[240] time=4.92, avg_loss=0.0326, train_err=1.0411
Eval: val_l2=0.1758
[241] time=4.92, avg_loss=0.0336, train_err=1.0724
Eval: val_l2=0.1707
[242] time=4.92, avg_loss=0.0323, train_err=1.0327
Eval: val_l2=0.1673
[243] time=4.92, avg_loss=0.0317, train_err=1.0139
Eval: val_l2=0.1680
[244] time=4.92, avg_loss=0.0312, train_err=0.9960
Eval: val_l2=0.1733
[245] time=4.92, avg_loss=0.0317, train_err=1.0131
Eval: val_l2=0.1644
[Rank 0]: saved training state to runs/square_32/_best
[246] time=4.92, avg_loss=0.0310, train_err=0.9921
Eval: val_l2=0.1693
[247] time=4.92, avg_loss=0.0313, train_err=1.0009
Eval: val_l2=0.1660
[248] time=4.93, avg_loss=0.0311, train_err=0.9941
Eval: val_l2=0.1700
[249] time=4.93, avg_loss=0.0312, train_err=0.9962
Eval: val_l2=0.1717
[250] time=4.93, avg_loss=0.0300, train_err=0.9590
Eval: val_l2=0.1647
[251] time=4.92, avg_loss=0.0295, train_err=0.9441
Eval: val_l2=0.1659
[252] time=4.93, avg_loss=0.0296, train_err=0.9477
Eval: val_l2=0.1687
[253] time=4.93, avg_loss=0.0300, train_err=0.9591
Eval: val_l2=0.1748
[254] time=4.92, avg_loss=0.0294, train_err=0.9383
Eval: val_l2=0.1671
[255] time=4.92, avg_loss=0.0282, train_err=0.9015
Eval: val_l2=0.1632
[Rank 0]: saved training state to runs/square_32/_best
[256] time=4.92, avg_loss=0.0297, train_err=0.9505
Eval: val_l2=0.1703
[257] time=4.92, avg_loss=0.0307, train_err=0.9814
Eval: val_l2=0.1647
[258] time=4.92, avg_loss=0.0292, train_err=0.9321
Eval: val_l2=0.1706
[259] time=4.93, avg_loss=0.0293, train_err=0.9376
Eval: val_l2=0.1689
[260] time=4.92, avg_loss=0.0289, train_err=0.9246
Eval: val_l2=0.1670
[261] time=4.93, avg_loss=0.0281, train_err=0.8985
Eval: val_l2=0.1749
[262] time=4.93, avg_loss=0.0290, train_err=0.9279
Eval: val_l2=0.1697
[263] time=4.92, avg_loss=0.0292, train_err=0.9338
Eval: val_l2=0.1693
[264] time=4.92, avg_loss=0.0283, train_err=0.9050
Eval: val_l2=0.1642
[265] time=4.93, avg_loss=0.0278, train_err=0.8873
Eval: val_l2=0.1681
[266] time=4.92, avg_loss=0.0270, train_err=0.8639
Eval: val_l2=0.1685
[267] time=4.92, avg_loss=0.0265, train_err=0.8486
Eval: val_l2=0.1672
[268] time=4.92, avg_loss=0.0264, train_err=0.8449
Eval: val_l2=0.1695
[269] time=4.92, avg_loss=0.0267, train_err=0.8541
Eval: val_l2=0.1699
[270] time=4.92, avg_loss=0.0270, train_err=0.8630
Eval: val_l2=0.1685
[271] time=4.93, avg_loss=0.0264, train_err=0.8431
Eval: val_l2=0.1653
[272] time=4.92, avg_loss=0.0263, train_err=0.8405
Eval: val_l2=0.1662
[273] time=4.92, avg_loss=0.0262, train_err=0.8376
Eval: val_l2=0.1686
[274] time=4.92, avg_loss=0.0262, train_err=0.8375
Eval: val_l2=0.1661
[275] time=4.92, avg_loss=0.0256, train_err=0.8191
Eval: val_l2=0.1678
[276] time=4.92, avg_loss=0.0252, train_err=0.8066
Eval: val_l2=0.1640
[277] time=4.92, avg_loss=0.0251, train_err=0.8036
Eval: val_l2=0.1690
[278] time=4.92, avg_loss=0.0251, train_err=0.8028
Eval: val_l2=0.1691
[279] time=4.92, avg_loss=0.0246, train_err=0.7849
Eval: val_l2=0.1655
[280] time=4.92, avg_loss=0.0248, train_err=0.7929
Eval: val_l2=0.1673
[281] time=4.92, avg_loss=0.0250, train_err=0.7979
Eval: val_l2=0.1684
[282] time=4.92, avg_loss=0.0245, train_err=0.7833
Eval: val_l2=0.1637
[283] time=4.93, avg_loss=0.0248, train_err=0.7914
Eval: val_l2=0.1681
[284] time=4.92, avg_loss=0.0246, train_err=0.7869
Eval: val_l2=0.1681
[285] time=4.92, avg_loss=0.0250, train_err=0.7988
Eval: val_l2=0.1647
[286] time=4.92, avg_loss=0.0241, train_err=0.7695
Eval: val_l2=0.1660
[287] time=4.92, avg_loss=0.0235, train_err=0.7510
Eval: val_l2=0.1649
[288] time=4.93, avg_loss=0.0230, train_err=0.7344
Eval: val_l2=0.1667
[289] time=4.93, avg_loss=0.0227, train_err=0.7253
Eval: val_l2=0.1655
[290] time=4.93, avg_loss=0.0228, train_err=0.7281
Eval: val_l2=0.1662
[291] time=4.92, avg_loss=0.0231, train_err=0.7393
Eval: val_l2=0.1671
[292] time=4.93, avg_loss=0.0227, train_err=0.7260
Eval: val_l2=0.1647
[293] time=4.92, avg_loss=0.0231, train_err=0.7394
Eval: val_l2=0.1628
[Rank 0]: saved training state to runs/square_32/_best
[294] time=4.92, avg_loss=0.0231, train_err=0.7375
Eval: val_l2=0.1643
[295] time=4.93, avg_loss=0.0220, train_err=0.7023
Eval: val_l2=0.1676
[296] time=4.93, avg_loss=0.0224, train_err=0.7175
Eval: val_l2=0.1625
[Rank 0]: saved training state to runs/square_32/_best
[297] time=4.93, avg_loss=0.0222, train_err=0.7086
Eval: val_l2=0.1667
[298] time=4.93, avg_loss=0.0219, train_err=0.6998
Eval: val_l2=0.1681
[299] time=4.93, avg_loss=0.0216, train_err=0.6901
Eval: val_l2=0.1676
[300] time=4.93, avg_loss=0.0215, train_err=0.6859
Eval: val_l2=0.1664
[301] time=4.93, avg_loss=0.0219, train_err=0.6999
Eval: val_l2=0.1649
[302] time=4.93, avg_loss=0.0211, train_err=0.6731
Eval: val_l2=0.1689
[303] time=4.93, avg_loss=0.0209, train_err=0.6675
Eval: val_l2=0.1675
[304] time=4.93, avg_loss=0.0213, train_err=0.6797
Eval: val_l2=0.1637
[305] time=4.93, avg_loss=0.0212, train_err=0.6770
Eval: val_l2=0.1669
[306] time=4.93, avg_loss=0.0209, train_err=0.6687
Eval: val_l2=0.1653
[307] time=4.93, avg_loss=0.0206, train_err=0.6573
Eval: val_l2=0.1650
[308] time=4.93, avg_loss=0.0203, train_err=0.6498
Eval: val_l2=0.1654
[309] time=4.93, avg_loss=0.0207, train_err=0.6605
Eval: val_l2=0.1663
[310] time=4.93, avg_loss=0.0202, train_err=0.6467
Eval: val_l2=0.1652
[311] time=4.93, avg_loss=0.0205, train_err=0.6544
Eval: val_l2=0.1663
[312] time=4.93, avg_loss=0.0203, train_err=0.6485
Eval: val_l2=0.1658
[313] time=4.93, avg_loss=0.0199, train_err=0.6354
Eval: val_l2=0.1654
[314] time=4.93, avg_loss=0.0194, train_err=0.6194
Eval: val_l2=0.1647
[315] time=4.93, avg_loss=0.0194, train_err=0.6215
Eval: val_l2=0.1642
[316] time=4.93, avg_loss=0.0193, train_err=0.6183
Eval: val_l2=0.1655
[317] time=4.93, avg_loss=0.0193, train_err=0.6163
Eval: val_l2=0.1651
[318] time=4.93, avg_loss=0.0193, train_err=0.6158
Eval: val_l2=0.1668
[319] time=4.93, avg_loss=0.0192, train_err=0.6138
Eval: val_l2=0.1647
[320] time=4.93, avg_loss=0.0191, train_err=0.6096
Eval: val_l2=0.1656
[321] time=4.93, avg_loss=0.0190, train_err=0.6068
Eval: val_l2=0.1675
[322] time=4.93, avg_loss=0.0191, train_err=0.6119
Eval: val_l2=0.1659
[323] time=4.93, avg_loss=0.0188, train_err=0.5998
Eval: val_l2=0.1637
[324] time=4.93, avg_loss=0.0187, train_err=0.5975
Eval: val_l2=0.1644
[325] time=4.93, avg_loss=0.0186, train_err=0.5937
Eval: val_l2=0.1650
[326] time=4.93, avg_loss=0.0184, train_err=0.5866
Eval: val_l2=0.1652
[327] time=4.93, avg_loss=0.0184, train_err=0.5887
Eval: val_l2=0.1658
[328] time=4.93, avg_loss=0.0181, train_err=0.5782
Eval: val_l2=0.1636
[329] time=4.93, avg_loss=0.0180, train_err=0.5746
Eval: val_l2=0.1665
[330] time=4.93, avg_loss=0.0181, train_err=0.5800
Eval: val_l2=0.1643
[331] time=4.93, avg_loss=0.0181, train_err=0.5780
Eval: val_l2=0.1654
[332] time=4.93, avg_loss=0.0179, train_err=0.5717
Eval: val_l2=0.1644
[333] time=4.93, avg_loss=0.0177, train_err=0.5655
Eval: val_l2=0.1644
[334] time=4.93, avg_loss=0.0177, train_err=0.5662
Eval: val_l2=0.1643
[335] time=4.93, avg_loss=0.0178, train_err=0.5680
Eval: val_l2=0.1641
[336] time=4.93, avg_loss=0.0178, train_err=0.5693
Eval: val_l2=0.1640
[337] time=4.93, avg_loss=0.0176, train_err=0.5637
Eval: val_l2=0.1642
[338] time=4.93, avg_loss=0.0175, train_err=0.5598
Eval: val_l2=0.1646
[339] time=4.93, avg_loss=0.0173, train_err=0.5540
Eval: val_l2=0.1650
[340] time=4.93, avg_loss=0.0173, train_err=0.5528
Eval: val_l2=0.1665
[341] time=4.93, avg_loss=0.0173, train_err=0.5538
Eval: val_l2=0.1652
[342] time=4.93, avg_loss=0.0172, train_err=0.5510
Eval: val_l2=0.1643
[343] time=4.93, avg_loss=0.0171, train_err=0.5467
Eval: val_l2=0.1653
[344] time=4.93, avg_loss=0.0172, train_err=0.5508
Eval: val_l2=0.1646
[345] time=4.93, avg_loss=0.0171, train_err=0.5456
Eval: val_l2=0.1645
[346] time=4.93, avg_loss=0.0169, train_err=0.5404
Eval: val_l2=0.1652
[347] time=4.93, avg_loss=0.0168, train_err=0.5380
Eval: val_l2=0.1650
[348] time=4.93, avg_loss=0.0167, train_err=0.5353
Eval: val_l2=0.1644
[349] time=4.93, avg_loss=0.0167, train_err=0.5349
Eval: val_l2=0.1649
[350] time=4.93, avg_loss=0.0168, train_err=0.5374
Eval: val_l2=0.1643
[351] time=4.93, avg_loss=0.0167, train_err=0.5346
Eval: val_l2=0.1650
[352] time=4.93, avg_loss=0.0166, train_err=0.5317
Eval: val_l2=0.1646
[353] time=4.93, avg_loss=0.0166, train_err=0.5303
Eval: val_l2=0.1642
[354] time=4.93, avg_loss=0.0165, train_err=0.5278
Eval: val_l2=0.1646
[355] time=4.93, avg_loss=0.0164, train_err=0.5255
Eval: val_l2=0.1643
[356] time=4.93, avg_loss=0.0164, train_err=0.5247
Eval: val_l2=0.1646
[357] time=4.93, avg_loss=0.0164, train_err=0.5246
Eval: val_l2=0.1646
[358] time=4.93, avg_loss=0.0164, train_err=0.5247
Eval: val_l2=0.1651
[359] time=4.93, avg_loss=0.0164, train_err=0.5241
Eval: val_l2=0.1641
[360] time=4.93, avg_loss=0.0164, train_err=0.5227
Eval: val_l2=0.1641
[361] time=4.93, avg_loss=0.0163, train_err=0.5207
Eval: val_l2=0.1643
[362] time=4.93, avg_loss=0.0163, train_err=0.5195
Eval: val_l2=0.1645
[363] time=4.93, avg_loss=0.0162, train_err=0.5182
Eval: val_l2=0.1640
[364] time=4.93, avg_loss=0.0162, train_err=0.5184
Eval: val_l2=0.1644
[365] time=4.93, avg_loss=0.0162, train_err=0.5173
Eval: val_l2=0.1643
[366] time=4.93, avg_loss=0.0162, train_err=0.5163
Eval: val_l2=0.1641
[367] time=4.93, avg_loss=0.0161, train_err=0.5158
Eval: val_l2=0.1642
[368] time=4.93, avg_loss=0.0161, train_err=0.5150
Eval: val_l2=0.1641
[369] time=4.93, avg_loss=0.0161, train_err=0.5143
Eval: val_l2=0.1643
[370] time=4.93, avg_loss=0.0161, train_err=0.5139
Eval: val_l2=0.1641
[371] time=4.93, avg_loss=0.0161, train_err=0.5132
Eval: val_l2=0.1641
[372] time=4.94, avg_loss=0.0160, train_err=0.5125
Eval: val_l2=0.1643
[373] time=4.94, avg_loss=0.0160, train_err=0.5117
Eval: val_l2=0.1642
[374] time=4.94, avg_loss=0.0160, train_err=0.5112
Eval: val_l2=0.1641
[375] time=4.94, avg_loss=0.0160, train_err=0.5109
Eval: val_l2=0.1642
[376] time=4.94, avg_loss=0.0160, train_err=0.5105
Eval: val_l2=0.1642
[377] time=4.94, avg_loss=0.0160, train_err=0.5100
Eval: val_l2=0.1640
[378] time=4.94, avg_loss=0.0159, train_err=0.5096
Eval: val_l2=0.1641
[379] time=4.94, avg_loss=0.0159, train_err=0.5092
Eval: val_l2=0.1639
[380] time=4.94, avg_loss=0.0159, train_err=0.5088
Eval: val_l2=0.1641
[381] time=4.94, avg_loss=0.0159, train_err=0.5085
Eval: val_l2=0.1639
[382] time=4.94, avg_loss=0.0159, train_err=0.5081
Eval: val_l2=0.1641
[383] time=4.94, avg_loss=0.0159, train_err=0.5079
Eval: val_l2=0.1640
[384] time=4.94, avg_loss=0.0159, train_err=0.5076
Eval: val_l2=0.1640
[385] time=4.94, avg_loss=0.0159, train_err=0.5073
Eval: val_l2=0.1640
[386] time=4.94, avg_loss=0.0159, train_err=0.5071
Eval: val_l2=0.1640
[387] time=4.94, avg_loss=0.0159, train_err=0.5069
Eval: val_l2=0.1639
[388] time=4.94, avg_loss=0.0159, train_err=0.5067
Eval: val_l2=0.1640
[389] time=4.94, avg_loss=0.0158, train_err=0.5065
Eval: val_l2=0.1640
[390] time=4.94, avg_loss=0.0158, train_err=0.5064
Eval: val_l2=0.1639
[391] time=4.94, avg_loss=0.0158, train_err=0.5062
Eval: val_l2=0.1640
[392] time=4.94, avg_loss=0.0158, train_err=0.5061
Eval: val_l2=0.1640
[393] time=4.94, avg_loss=0.0158, train_err=0.5060
Eval: val_l2=0.1639
[394] time=4.94, avg_loss=0.0158, train_err=0.5059
Eval: val_l2=0.1640
[395] time=4.94, avg_loss=0.0158, train_err=0.5058
Eval: val_l2=0.1640
[396] time=4.94, avg_loss=0.0158, train_err=0.5058
Eval: val_l2=0.1640
[397] time=4.94, avg_loss=0.0158, train_err=0.5057
Eval: val_l2=0.1640
[398] time=4.94, avg_loss=0.0158, train_err=0.5057
Eval: val_l2=0.1640
[399] time=4.94, avg_loss=0.0158, train_err=0.5057
Eval: val_l2=0.1640
Loaded best-val_l2 weights from runs/square_32/_best/best_model_state_dict.pt.
Final val metrics (best-checkpoint weights):
  per_sample_mean_rel_l2   = 0.1625
  global_rel_l2            = 0.1110
  mse                      = 0.0013
  mae                      = 0.0191
Saved checkpoint to runs/square_32/fno2d.pth
Saved normalisation stats to runs/square_32/fno2d_stats.npz
[2026-06-26T02:47:30+01:00] === training done ===
